Archive member included to satisfy reference by file (symbol)

C:/ST/STM32CubeCLT_1.16.0/GNU-tools-for-STM32/bin/../lib/gcc/arm-none-eabi/12.3.1/../../../../arm-none-eabi/lib/thumb/v7e-m+fp/hard\libc_nano.a(libc_a-exit.o)
                              C:/ST/STM32CubeCLT_1.16.0/GNU-tools-for-STM32/bin/../lib/gcc/arm-none-eabi/12.3.1/../../../../arm-none-eabi/lib/thumb/v7e-m+fp/hard/crt0.o (exit)
C:/ST/STM32CubeCLT_1.16.0/GNU-tools-for-STM32/bin/../lib/gcc/arm-none-eabi/12.3.1/../../../../arm-none-eabi/lib/thumb/v7e-m+fp/hard\libc_nano.a(libc_a-findfp.o)
                              C:/ST/STM32CubeCLT_1.16.0/GNU-tools-for-STM32/bin/../lib/gcc/arm-none-eabi/12.3.1/../../../../arm-none-eabi/lib/thumb/v7e-m+fp/hard\libc_nano.a(libc_a-exit.o) (__stdio_exit_handler)
C:/ST/STM32CubeCLT_1.16.0/GNU-tools-for-STM32/bin/../lib/gcc/arm-none-eabi/12.3.1/../../../../arm-none-eabi/lib/thumb/v7e-m+fp/hard\libc_nano.a(libc_a-fwalk.o)
                              C:/ST/STM32CubeCLT_1.16.0/GNU-tools-for-STM32/bin/../lib/gcc/arm-none-eabi/12.3.1/../../../../arm-none-eabi/lib/thumb/v7e-m+fp/hard\libc_nano.a(libc_a-findfp.o) (_fwalk_sglue)
C:/ST/STM32CubeCLT_1.16.0/GNU-tools-for-STM32/bin/../lib/gcc/arm-none-eabi/12.3.1/../../../../arm-none-eabi/lib/thumb/v7e-m+fp/hard\libc_nano.a(libc_a-stdio.o)
                              C:/ST/STM32CubeCLT_1.16.0/GNU-tools-for-STM32/bin/../lib/gcc/arm-none-eabi/12.3.1/../../../../arm-none-eabi/lib/thumb/v7e-m+fp/hard\libc_nano.a(libc_a-findfp.o) (__sread)
C:/ST/STM32CubeCLT_1.16.0/GNU-tools-for-STM32/bin/../lib/gcc/arm-none-eabi/12.3.1/../../../../arm-none-eabi/lib/thumb/v7e-m+fp/hard\libc_nano.a(libc_a-memset.o)
                              C:/ST/STM32CubeCLT_1.16.0/GNU-tools-for-STM32/bin/../lib/gcc/arm-none-eabi/12.3.1/../../../../arm-none-eabi/lib/thumb/v7e-m+fp/hard/crt0.o (memset)
C:/ST/STM32CubeCLT_1.16.0/GNU-tools-for-STM32/bin/../lib/gcc/arm-none-eabi/12.3.1/../../../../arm-none-eabi/lib/thumb/v7e-m+fp/hard\libc_nano.a(libc_a-closer.o)
                              C:/ST/STM32CubeCLT_1.16.0/GNU-tools-for-STM32/bin/../lib/gcc/arm-none-eabi/12.3.1/../../../../arm-none-eabi/lib/thumb/v7e-m+fp/hard\libc_nano.a(libc_a-stdio.o) (_close_r)
C:/ST/STM32CubeCLT_1.16.0/GNU-tools-for-STM32/bin/../lib/gcc/arm-none-eabi/12.3.1/../../../../arm-none-eabi/lib/thumb/v7e-m+fp/hard\libc_nano.a(libc_a-reent.o)
                              C:/ST/STM32CubeCLT_1.16.0/GNU-tools-for-STM32/bin/../lib/gcc/arm-none-eabi/12.3.1/../../../../arm-none-eabi/lib/thumb/v7e-m+fp/hard\libc_nano.a(libc_a-closer.o) (errno)
C:/ST/STM32CubeCLT_1.16.0/GNU-tools-for-STM32/bin/../lib/gcc/arm-none-eabi/12.3.1/../../../../arm-none-eabi/lib/thumb/v7e-m+fp/hard\libc_nano.a(libc_a-impure.o)
                              C:/ST/STM32CubeCLT_1.16.0/GNU-tools-for-STM32/bin/../lib/gcc/arm-none-eabi/12.3.1/../../../../arm-none-eabi/lib/thumb/v7e-m+fp/hard\libc_nano.a(libc_a-reent.o) (_impure_ptr)
C:/ST/STM32CubeCLT_1.16.0/GNU-tools-for-STM32/bin/../lib/gcc/arm-none-eabi/12.3.1/../../../../arm-none-eabi/lib/thumb/v7e-m+fp/hard\libc_nano.a(libc_a-lseekr.o)
                              C:/ST/STM32CubeCLT_1.16.0/GNU-tools-for-STM32/bin/../lib/gcc/arm-none-eabi/12.3.1/../../../../arm-none-eabi/lib/thumb/v7e-m+fp/hard\libc_nano.a(libc_a-stdio.o) (_lseek_r)
C:/ST/STM32CubeCLT_1.16.0/GNU-tools-for-STM32/bin/../lib/gcc/arm-none-eabi/12.3.1/../../../../arm-none-eabi/lib/thumb/v7e-m+fp/hard\libc_nano.a(libc_a-readr.o)
                              C:/ST/STM32CubeCLT_1.16.0/GNU-tools-for-STM32/bin/../lib/gcc/arm-none-eabi/12.3.1/../../../../arm-none-eabi/lib/thumb/v7e-m+fp/hard\libc_nano.a(libc_a-stdio.o) (_read_r)
C:/ST/STM32CubeCLT_1.16.0/GNU-tools-for-STM32/bin/../lib/gcc/arm-none-eabi/12.3.1/../../../../arm-none-eabi/lib/thumb/v7e-m+fp/hard\libc_nano.a(libc_a-writer.o)
                              C:/ST/STM32CubeCLT_1.16.0/GNU-tools-for-STM32/bin/../lib/gcc/arm-none-eabi/12.3.1/../../../../arm-none-eabi/lib/thumb/v7e-m+fp/hard\libc_nano.a(libc_a-stdio.o) (_write_r)
C:/ST/STM32CubeCLT_1.16.0/GNU-tools-for-STM32/bin/../lib/gcc/arm-none-eabi/12.3.1/../../../../arm-none-eabi/lib/thumb/v7e-m+fp/hard\libc_nano.a(libc_a-init.o)
                              C:/ST/STM32CubeCLT_1.16.0/GNU-tools-for-STM32/bin/../lib/gcc/arm-none-eabi/12.3.1/../../../../arm-none-eabi/lib/thumb/v7e-m+fp/hard/crt0.o (__libc_init_array)
C:/ST/STM32CubeCLT_1.16.0/GNU-tools-for-STM32/bin/../lib/gcc/arm-none-eabi/12.3.1/../../../../arm-none-eabi/lib/thumb/v7e-m+fp/hard\libc_nano.a(libc_a-lock.o)
                              C:/ST/STM32CubeCLT_1.16.0/GNU-tools-for-STM32/bin/../lib/gcc/arm-none-eabi/12.3.1/../../../../arm-none-eabi/lib/thumb/v7e-m+fp/hard\libc_nano.a(libc_a-findfp.o) (__retarget_lock_init_recursive)
C:/ST/STM32CubeCLT_1.16.0/GNU-tools-for-STM32/bin/../lib/gcc/arm-none-eabi/12.3.1/../../../../arm-none-eabi/lib/thumb/v7e-m+fp/hard\libc_nano.a(libc_a-freer.o)
[...]
Memory Configuration

Name             Origin             Length             Attributes
RAM              0x20000000         0x00018000         xrw
RAM2             0x10000000         0x00008000         xrw
FLASH            0x08000000         0x00100000         xr
*default*        0x00000000         0xffffffff

Linker script and memory map

LOAD C:/ST/STM32CubeCLT_1.16.0/GNU-tools-for-STM32/bin/../lib/gcc/arm-none-eabi/12.3.1/thumb/v7e-m+fp/hard/crti.o
LOAD C:/ST/STM32CubeCLT_1.16.0/GNU-tools-for-STM32/bin/../lib/gcc/arm-none-eabi/12.3.1/thumb/v7e-m+fp/hard/crtbegin.o
LOAD C:/ST/STM32CubeCLT_1.16.0/GNU-tools-for-STM32/bin/../lib/gcc/arm-none-eabi/12.3.1/../../../../arm-none-eabi/lib/thumb/v7e-m+fp/hard/crt0.o
START GROUP
LOAD C:/ST/STM32CubeCLT_1.16.0/GNU-tools-for-STM32/bin/../lib/gcc/arm-none-eabi/12.3.1/../../../../arm-none-eabi/lib/thumb/v7e-m+fp/hard\libc_nano.a
LOAD C:/ST/STM32CubeCLT_1.16.0/GNU-tools-for-STM32/bin/../lib/gcc/arm-none-eabi/12.3.1/../../../../arm-none-eabi/lib/thumb/v7e-m+fp/hard\libm.a
END GROUP
LOAD CMakeFiles/4100901-Final_Project_2024_2.dir/Core/Src/main.c.obj
LOAD CMakeFiles/4100901-Final_Project_2024_2.dir/Core/Src/stm32l4xx_it.c.obj
LOAD CMakeFiles/4100901-Final_Project_2024_2.dir/Core/Src/stm32l4xx_hal_msp.c.obj
LOAD CMakeFiles/4100901-Final_Project_2024_2.dir/Drivers/STM32L4xx_HAL_Driver/Src/stm32l4xx_hal_uart.c.obj
LOAD CMakeFiles/4100901-Final_Project_2024_2.dir/Drivers/STM32L4xx_HAL_Driver/Src/stm32l4xx_hal_uart_ex.c.obj
LOAD CMakeFiles/4100901-Final_Project_2024_2.dir/Drivers/STM32L4xx_HAL_Driver/Src/stm32l4xx_hal.c.obj
LOAD CMakeFiles/4100901-Final_Project_2024_2.dir/Drivers/STM32L4xx_HAL_Driver/Src/stm32l4xx_hal_rcc.c.obj
LOAD CMakeFiles/4100901-Final_Project_2024_2.dir/Drivers/STM32L4xx_HAL_Driver/Src/stm32l4xx_hal_rcc_ex.c.obj
LOAD CMakeFiles/4100901-Final_Project_2024_2.dir/Drivers/STM32L4xx_HAL_Driver/Src/stm32l4xx_hal_flash.c.obj
LOAD CMakeFiles/4100901-Final_Project_2024_2.dir/Drivers/STM32L4xx_HAL_Driver/Src/stm32l4xx_hal_flash_ex.c.obj
LOAD CMakeFiles/4100901-Final_Project_2024_2.dir/Drivers/STM32L4xx_HAL_Driver/Src/stm32l4xx_hal_flash_ramfunc.c.obj
LOAD CMakeFiles/4100901-Final_Project_2024_2.dir/Drivers/STM32L4xx_HAL_Driver/Src/stm32l4xx_hal_gpio.c.obj
LOAD CMakeFiles/4100901-Final_Project_2024_2.dir/Drivers/STM32L4xx_HAL_Driver/Src/stm32l4xx_hal_i2c.c.obj
LOAD CMakeFiles/4100901-Final_Project_2024_2.dir/Drivers/STM32L4xx_HAL_Driver/Src/stm32l4xx_hal_i2c_ex.c.obj
LOAD CMakeFiles/4100901-Final_Project_2024_2.dir/Drivers/STM32L4xx_HAL_Driver/Src/stm32l4xx_hal_dma.c.obj
LOAD CMakeFiles/4100901-Final_Project_2024_2.dir/Drivers/STM32L4xx_HAL_Driver/Src/stm32l4xx_hal_dma_ex.c.obj
LOAD CMakeFiles/4100901-Final_Project_2024_2.dir/Drivers/STM32L4xx_HAL_Driver/Src/stm32l4xx_hal_pwr.c.obj
LOAD CMakeFiles/4100901-Final_Project_2024_2.dir/Drivers/STM32L4xx_HAL_Driver/Src/stm32l4xx_hal_pwr_ex.c.obj
LOAD CMakeFiles/4100901-Final_Project_2024_2.dir/Drivers/STM32L4xx_HAL_Driver/Src/stm32l4xx_hal_cortex.c.obj
LOAD CMakeFiles/4100901-Final_Project_2024_2.dir/Drivers/STM32L4xx_HAL_Driver/Src/stm32l4xx_hal_exti.c.obj
LOAD CMakeFiles/4100901-Final_Project_2024_2.dir/Core/Src/system_stm32l4xx.c.obj
LOAD CMakeFiles/4100901-Final_Project_2024_2.dir/Core/Src/sysmem.c.obj
LOAD CMakeFiles/4100901-Final_Project_2024_2.dir/Core/Src/syscalls.c.obj
LOAD CMakeFiles/4100901-Final_Project_2024_2.dir/startup_stm32l476xx.s.obj
START GROUP
LOAD C:/ST/STM32CubeCLT_1.16.0/GNU-tools-for-STM32/bin/../lib/gcc/arm-none-eabi/12.3.1/thumb/v7e-m+fp/hard\libgcc.a
LOAD C:/ST/STM32CubeCLT_1.16.0/GNU-tools-for-STM32/bin/../lib/gcc/arm-none-eabi/12.3.1/../../../../arm-none-eabi/lib/thumb/v7e-m+fp/hard\libg_nano.a
LOAD C:/ST/STM32CubeCLT_1.16.0/GNU-tools-for-STM32/bin/../lib/gcc/arm-none-eabi/12.3.1/../../../../arm-none-eabi/lib/thumb/v7e-m+fp/hard\libc_nano.a
END GROUP
START GROUP
LOAD C:/ST/STM32CubeCLT_1.16.0/GNU-tools-for-STM32/bin/../lib/gcc/arm-none-eabi/12.3.1/thumb/v7e-m+fp/hard\libgcc.a
LOAD C:/ST/STM32CubeCLT_1.16.0/GNU-tools-for-STM32/bin/../lib/gcc/arm-none-eabi/12.3.1/../../../../arm-none-eabi/lib/thumb/v7e-m+fp/hard\libc_nano.a
END GROUP
LOAD C:/ST/STM32CubeCLT_1.16.0/GNU-tools-for-STM32/bin/../lib/gcc/arm-none-eabi/12.3.1/thumb/v7e-m+fp/hard/crtend.o
LOAD C:/ST/STM32CubeCLT_1.16.0/GNU-tools-for-STM32/bin/../lib/gcc/arm-none-eabi/12.3.1/thumb/v7e-m+fp/hard/crtn.o
                0x20018000                        _estack = (ORIGIN (RAM) + LENGTH (RAM))
                0x00000200                        _Min_Heap_Size = 0x200
                0x00000400                        _Min_Stack_Size = 0x400

.isr_vector     0x08000000      0x188
                0x08000000                        . = ALIGN (0x8)
 *(.isr_vector)
 .isr_vector    0x08000000      0x188 CMakeFiles/4100901-Final_Project_2024_2.dir/startup_stm32l476xx.s.obj
                0x08000000                g_pfnVectors
                0x08000188                        . = ALIGN (0x8)

.text           0x08000188     0x37d0
                0x08000188                        . = ALIGN (0x8)
 *(.text)
 .text          0x08000188       0x40 C:/ST/STM32CubeCLT_1.16.0/GNU-tools-for-STM32/bin/../lib/gcc/arm-none-eabi/12.3.1/thumb/v7e-m+fp/hard/crtbegin.o
 .text          0x080001c8       0x30 C:/ST/STM32CubeCLT_1.16.0/GNU-tools-for-STM32/bin/../lib/gcc/arm-none-eabi/12.3.1/thumb/v7e-m+fp/hard\libgcc.a(_aeabi_uldivmod.o)
                0x080001c8                __aeabi_uldivmod
 .text          0x080001f8      0x2bc C:/ST/STM32CubeCLT_1.16.0/GNU-tools-for-STM32/bin/../lib/gcc/arm-none-eabi/12.3.1/thumb/v7e-m+fp/hard\libgcc.a(_udivmoddi4.o)
                0x080001f8                __udivmoddi4
 .text          0x080004b4        0x4 C:/ST/STM32CubeCLT_1.16.0/GNU-tools-for-STM32/bin/../lib/gcc/arm-none-eabi/12.3.1/thumb/v7e-m+fp/hard\libgcc.a(_dvmd_tls.o)
                0x080004b4                __aeabi_idiv0
                0x080004b4                __aeabi_ldiv0
 *(.text*)
 .text.memset   0x080004b8       0x10 C:/ST/STM32CubeCLT_1.16.0/GNU-tools-for-STM32/bin/../lib/gcc/arm-none-eabi/12.3.1/../../../../arm-none-eabi/lib/thumb/v7e-m+fp/hard\libc_nano.a(libc_a-memset.o)
                0x080004b8                memset
 .text.__libc_init_array
                0x080004c8       0x48 C:/ST/STM32CubeCLT_1.16.0/GNU-tools-for-STM32/bin/../lib/gcc/arm-none-eabi/12.3.1/../../../../arm-none-eabi/lib/thumb/v7e-m+fp/hard\libc_nano.a(libc_a-init.o)
                0x080004c8                __libc_init_array
 .text.main     0x08000510       0x18 CMakeFiles/4100901-Final_Project_2024_2.dir/Core/Src/main.c.obj
                0x08000510                main
 .text.SystemClock_Config
                0x08000528       0xa2 CMakeFiles/4100901-Final_Project_2024_2.dir/Core/Src/main.c.obj
                0x08000528                SystemClock_Config
 *fill*         0x080005ca        0x2 
 .text.MX_USART2_UART_Init
                0x080005cc       0x60 CMakeFiles/4100901-Final_Project_2024_2.dir/Core/Src/main.c.obj
 .text.MX_GPIO_Init
                0x0800062c      0x18c CMakeFiles/4100901-Final_Project_2024_2.dir/Core/Src/main.c.obj
 .text.Error_Handler
                0x080007b8        0xc CMakeFiles/4100901-Final_Project_2024_2.dir/Core/Src/main.c.obj
                0x080007b8                Error_Handler
 .text.NMI_Handler
                0x080007c4        0x8 CMakeFiles/4100901-Final_Project_2024_2.dir/Core/Src/stm32l4xx_it.c.obj
                0x080007c4                NMI_Handler
 .text.HardFault_Handler
                0x080007cc        0x8 CMakeFiles/4100901-Final_Project_2024_2.dir/Core/Src/stm32l4xx_it.c.obj
                0x080007cc                HardFault_Handler
 .text.MemManage_Handler
                0x080007d4        0x8 CMakeFiles/4100901-Final_Project_2024_2.dir/Core/Src/stm32l4xx_it.c.obj
                0x080007d4                MemManage_Handler
 .text.BusFault_Handler
                0x080007dc        0x8 CMakeFiles/4100901-Final_Project_2024_2.dir/Core/Src/stm32l4xx_it.c.obj
                0x080007dc                BusFault_Handler
 .text.UsageFault_Handler
                0x080007e4        0x8 CMakeFiles/4100901-Final_Project_2024_2.dir/Core/Src/stm32l4xx_it.c.obj
                0x080007e4                UsageFault_Handler
 .text.SVC_Handler
                0x080007ec        0xe CMakeFiles/4100901-Final_Project_2024_2.dir/Core/Src/stm32l4xx_it.c.obj
                0x080007ec                SVC_Handler
 .text.DebugMon_Handler
                0x080007fa        0xe CMakeFiles/4100901-Final_Project_2024_2.dir/Core/Src/stm32l4xx_it.c.obj
                0x080007fa                DebugMon_Handler
 .text.PendSV_Handler
                0x08000808        0xe CMakeFiles/4100901-Final_Project_2024_2.dir/Core/Src/stm32l4xx_it.c.obj
                0x08000808                PendSV_Handler
 .text.SysTick_Handler
                0x08000816        0xc CMakeFiles/4100901-Final_Project_2024_2.dir/Core/Src/stm32l4xx_it.c.obj
                0x08000816                SysTick_Handler
 .text.EXTI9_5_IRQHandler
                0x08000822       0x1e CMakeFiles/4100901-Final_Project_2024_2.dir/Core/Src/stm32l4xx_it.c.obj
                0x08000822                EXTI9_5_IRQHandler
 .text.USART2_IRQHandler
                0x08000840       0x14 CMakeFiles/4100901-Final_Project_2024_2.dir/Core/Src/stm32l4xx_it.c.obj
                0x08000840                USART2_IRQHandler
 .text.EXTI15_10_IRQHandler
                0x08000854       0x18 CMakeFiles/4100901-Final_Project_2024_2.dir/Core/Src/stm32l4xx_it.c.obj
                0x08000854                EXTI15_10_IRQHandler
 .text.HAL_MspInit
                0x0800086c       0x48 CMakeFiles/4100901-Final_Project_2024_2.dir/Core/Src/stm32l4xx_hal_msp.c.obj
                0x0800086c                HAL_MspInit
 .text.HAL_UART_MspInit
                0x080008b4       0xc8 CMakeFiles/4100901-Final_Project_2024_2.dir/Core/Src/stm32l4xx_hal_msp.c.obj
                0x080008b4                HAL_UART_MspInit
 .text.HAL_UART_Init
                0x0800097c       0x9c CMakeFiles/4100901-Final_Project_2024_2.dir/Drivers/STM32L4xx_HAL_Driver/Src/stm32l4xx_hal_uart.c.obj
                0x0800097c                HAL_UART_Init
 .text.HAL_UART_IRQHandler
                0x08000a18      0x60c CMakeFiles/4100901-Final_Project_2024_2.dir/Drivers/STM32L4xx_HAL_Driver/Src/stm32l4xx_hal_uart.c.obj
                0x08000a18                HAL_UART_IRQHandler
 .text.HAL_UART_TxCpltCallback
                0x08001024       0x14 CMakeFiles/4100901-Final_Project_2024_2.dir/Drivers/STM32L4xx_HAL_Driver/Src/stm32l4xx_hal_uart.c.obj
                0x08001024                HAL_UART_TxCpltCallback
 .text.HAL_UART_ErrorCallback
                0x08001038       0x14 CMakeFiles/4100901-Final_Project_2024_2.dir/Drivers/STM32L4xx_HAL_Driver/Src/stm32l4xx_hal_uart.c.obj
                0x08001038                HAL_UART_ErrorCallback
 .text.HAL_UARTEx_RxEventCallback
                0x0800104c       0x18 CMakeFiles/4100901-Final_Project_2024_2.dir/Drivers/STM32L4xx_HAL_Driver/Src/stm32l4xx_hal_uart.c.obj
                0x0800104c                HAL_UARTEx_RxEventCallback
 .text.UART_SetConfig
                0x08001064      0x570 CMakeFiles/4100901-Final_Project_2024_2.dir/Drivers/STM32L4xx_HAL_Driver/Src/stm32l4xx_hal_uart.c.obj
                0x08001064                UART_SetConfig
 .text.UART_AdvFeatureConfig
                0x080015d4      0x144 CMakeFiles/4100901-Final_Project_2024_2.dir/Drivers/STM32L4xx_HAL_Driver/Src/stm32l4xx_hal_uart.c.obj
                0x080015d4                UART_AdvFeatureConfig
 .text.UART_CheckIdleState
                0x08001718      0x150 CMakeFiles/4100901-Final_Project_2024_2.dir/Drivers/STM32L4xx_HAL_Driver/Src/stm32l4xx_hal_uart.c.obj
                0x08001718                UART_CheckIdleState
 .text.UART_WaitOnFlagUntilTimeout
                0x08001868       0xda CMakeFiles/4100901-Final_Project_2024_2.dir/Drivers/STM32L4xx_HAL_Driver/Src/stm32l4xx_hal_uart.c.obj
                0x08001868                UART_WaitOnFlagUntilTimeout
 .text.UART_EndRxTransfer
                0x08001942       0xc8 CMakeFiles/4100901-Final_Project_2024_2.dir/Drivers/STM32L4xx_HAL_Driver/Src/stm32l4xx_hal_uart.c.obj
 .text.UART_DMAAbortOnError
                0x08001a0a       0x2c CMakeFiles/4100901-Final_Project_2024_2.dir/Drivers/STM32L4xx_HAL_Driver/Src/stm32l4xx_hal_uart.c.obj
 .text.UART_EndTransmit_IT
                0x08001a36       0x54 CMakeFiles/4100901-Final_Project_2024_2.dir/Drivers/STM32L4xx_HAL_Driver/Src/stm32l4xx_hal_uart.c.obj
 .text.HAL_UARTEx_WakeupCallback
                0x08001a8a       0x14 CMakeFiles/4100901-Final_Project_2024_2.dir/Drivers/STM32L4xx_HAL_Driver/Src/stm32l4xx_hal_uart_ex.c.obj
                0x08001a8a                HAL_UARTEx_WakeupCallback
 *fill*         0x08001a9e        0x2 
 .text.HAL_Init
                0x08001aa0       0x40 CMakeFiles/4100901-Final_Project_2024_2.dir/Drivers/STM32L4xx_HAL_Driver/Src/stm32l4xx_hal.c.obj
                0x08001aa0                HAL_Init
 .text.HAL_InitTick
                0x08001ae0       0x78 CMakeFiles/4100901-Final_Project_2024_2.dir/Drivers/STM32L4xx_HAL_Driver/Src/stm32l4xx_hal.c.obj
                0x08001ae0                HAL_InitTick
 .text.HAL_IncTick
                0x08001b58       0x28 CMakeFiles/4100901-Final_Project_2024_2.dir/Drivers/STM32L4xx_HAL_Driver/Src/stm32l4xx_hal.c.obj
                0x08001b58                HAL_IncTick
 .text.HAL_GetTick
                0x08001b80       0x18 CMakeFiles/4100901-Final_Project_2024_2.dir/Drivers/STM32L4xx_HAL_Driver/Src/stm32l4xx_hal.c.obj
                0x08001b80                HAL_GetTick
 .text.HAL_RCC_OscConfig
                0x08001b98      0x7b8 CMakeFiles/4100901-Final_Project_2024_2.dir/Drivers/STM32L4xx_HAL_Driver/Src/stm32l4xx_hal_rcc.c.obj
                0x08001b98                HAL_RCC_OscConfig
 .text.HAL_RCC_ClockConfig
                0x08002350      0x200 CMakeFiles/4100901-Final_Project_2024_2.dir/Drivers/STM32L4xx_HAL_Driver/Src/stm32l4xx_hal_rcc.c.obj
                0x08002350                HAL_RCC_ClockConfig
 .text.HAL_RCC_GetSysClockFreq
                0x08002550      0x118 CMakeFiles/4100901-Final_Project_2024_2.dir/Drivers/STM32L4xx_HAL_Driver/Src/stm32l4xx_hal_rcc.c.obj
                0x08002550                HAL_RCC_GetSysClockFreq
 .text.HAL_RCC_GetHCLKFreq
                0x08002668       0x18 CMakeFiles/4100901-Final_Project_2024_2.dir/Drivers/STM32L4xx_HAL_Driver/Src/stm32l4xx_hal_rcc.c.obj
                0x08002668                HAL_RCC_GetHCLKFreq
 .text.HAL_RCC_GetPCLK1Freq
                0x08002680       0x2c CMakeFiles/4100901-Final_Project_2024_2.dir/Drivers/STM32L4xx_HAL_Driver/Src/stm32l4xx_hal_rcc.c.obj
                0x08002680                HAL_RCC_GetPCLK1Freq
 .text.HAL_RCC_GetPCLK2Freq
                0x080026ac       0x2c CMakeFiles/4100901-Final_Project_2024_2.dir/Drivers/STM32L4xx_HAL_Driver/Src/stm32l4xx_hal_rcc.c.obj
                0x080026ac                HAL_RCC_GetPCLK2Freq
 .text.RCC_SetFlashLatencyFromMSIRange
                0x080026d8       0xc0 CMakeFiles/4100901-Final_Project_2024_2.dir/Drivers/STM32L4xx_HAL_Driver/Src/stm32l4xx_hal_rcc.c.obj
 .text.HAL_RCCEx_PeriphCLKConfig
                0x08002798      0x5d4 CMakeFiles/4100901-Final_Project_2024_2.dir/Drivers/STM32L4xx_HAL_Driver/Src/stm32l4xx_hal_rcc_ex.c.obj
                0x08002798                HAL_RCCEx_PeriphCLKConfig
 .text.RCCEx_PLLSAI1_Config
                0x08002d6c      0x1e8 CMakeFiles/4100901-Final_Project_2024_2.dir/Drivers/STM32L4xx_HAL_Driver/Src/stm32l4xx_hal_rcc_ex.c.obj
 .text.RCCEx_PLLSAI2_Config
                0x08002f54      0x1bc CMakeFiles/4100901-Final_Project_2024_2.dir/Drivers/STM32L4xx_HAL_Driver/Src/stm32l4xx_hal_rcc_ex.c.obj
 .text.HAL_GPIO_Init
                0x08003110      0x354 CMakeFiles/4100901-Final_Project_2024_2.dir/Drivers/STM32L4xx_HAL_Driver/Src/stm32l4xx_hal_gpio.c.obj
                0x08003110                HAL_GPIO_Init
 .text.HAL_GPIO_WritePin
                0x08003464       0x30 CMakeFiles/4100901-Final_Project_2024_2.dir/Drivers/STM32L4xx_HAL_Driver/Src/stm32l4xx_hal_gpio.c.obj
                0x08003464                HAL_GPIO_WritePin
 .text.HAL_GPIO_EXTI_IRQHandler
                0x08003494       0x30 CMakeFiles/4100901-Final_Project_2024_2.dir/Drivers/STM32L4xx_HAL_Driver/Src/stm32l4xx_hal_gpio.c.obj
                0x08003494                HAL_GPIO_EXTI_IRQHandler
 .text.HAL_GPIO_EXTI_Callback
                0x080034c4       0x16 CMakeFiles/4100901-Final_Project_2024_2.dir/Drivers/STM32L4xx_HAL_Driver/Src/stm32l4xx_hal_gpio.c.obj
                0x080034c4                HAL_GPIO_EXTI_Callback
 .text.HAL_DMA_Abort
                0x080034da       0x7c CMakeFiles/4100901-Final_Project_2024_2.dir/Drivers/STM32L4xx_HAL_Driver/Src/stm32l4xx_hal_dma.c.obj
                0x080034da                HAL_DMA_Abort
 .text.HAL_DMA_Abort_IT
                0x08003556       0x82 CMakeFiles/4100901-Final_Project_2024_2.dir/Drivers/STM32L4xx_HAL_Driver/Src/stm32l4xx_hal_dma.c.obj
                0x08003556                HAL_DMA_Abort_IT
 .text.HAL_PWREx_GetVoltageRange
                0x080035d8       0x1c CMakeFiles/4100901-Final_Project_2024_2.dir/Drivers/STM32L4xx_HAL_Driver/Src/stm32l4xx_hal_pwr_ex.c.obj
                0x080035d8                HAL_PWREx_GetVoltageRange
 .text.HAL_PWREx_ControlVoltageScaling
                0x080035f4       0xac CMakeFiles/4100901-Final_Project_2024_2.dir/Drivers/STM32L4xx_HAL_Driver/Src/stm32l4xx_hal_pwr_ex.c.obj
                0x080035f4                HAL_PWREx_ControlVoltageScaling
 .text.__NVIC_SetPriorityGrouping
                0x080036a0       0x48 CMakeFiles/4100901-Final_Project_2024_2.dir/Drivers/STM32L4xx_HAL_Driver/Src/stm32l4xx_hal_cortex.c.obj
 .text.__NVIC_GetPriorityGrouping
                0x080036e8       0x1c CMakeFiles/4100901-Final_Project_2024_2.dir/Drivers/STM32L4xx_HAL_Driver/Src/stm32l4xx_hal_cortex.c.obj
 .text.__NVIC_EnableIRQ
                0x08003704       0x3c CMakeFiles/4100901-Final_Project_2024_2.dir/Drivers/STM32L4xx_HAL_Driver/Src/stm32l4xx_hal_cortex.c.obj
 .text.__NVIC_SetPriority
                0x08003740       0x54 CMakeFiles/4100901-Final_Project_2024_2.dir/Drivers/STM32L4xx_HAL_Driver/Src/stm32l4xx_hal_cortex.c.obj
 .text.NVIC_EncodePriority
                0x08003794       0x66 CMakeFiles/4100901-Final_Project_2024_2.dir/Drivers/STM32L4xx_HAL_Driver/Src/stm32l4xx_hal_cortex.c.obj
 *fill*         0x080037fa        0x2 
 .text.SysTick_Config
                0x080037fc       0x44 CMakeFiles/4100901-Final_Project_2024_2.dir/Drivers/STM32L4xx_HAL_Driver/Src/stm32l4xx_hal_cortex.c.obj
 .text.HAL_NVIC_SetPriorityGrouping
                0x08003840       0x16 CMakeFiles/4100901-Final_Project_2024_2.dir/Drivers/STM32L4xx_HAL_Driver/Src/stm32l4xx_hal_cortex.c.obj
                0x08003840                HAL_NVIC_SetPriorityGrouping
 .text.HAL_NVIC_SetPriority
                0x08003856       0x38 CMakeFiles/4100901-Final_Project_2024_2.dir/Drivers/STM32L4xx_HAL_Driver/Src/stm32l4xx_hal_cortex.c.obj
                0x08003856                HAL_NVIC_SetPriority
 .text.HAL_NVIC_EnableIRQ
                0x0800388e       0x1c CMakeFiles/4100901-Final_Project_2024_2.dir/Drivers/STM32L4xx_HAL_Driver/Src/stm32l4xx_hal_cortex.c.obj
                0x0800388e                HAL_NVIC_EnableIRQ
 .text.HAL_SYSTICK_Config
                0x080038aa       0x18 CMakeFiles/4100901-Final_Project_2024_2.dir/Drivers/STM32L4xx_HAL_Driver/Src/stm32l4xx_hal_cortex.c.obj
                0x080038aa                HAL_SYSTICK_Config
 *fill*         0x080038c2        0x2 
 .text.SystemInit
                0x080038c4       0x24 CMakeFiles/4100901-Final_Project_2024_2.dir/Core/Src/system_stm32l4xx.c.obj
                0x080038c4                SystemInit
 .text.Reset_Handler
                0x080038e8       0x50 CMakeFiles/4100901-Final_Project_2024_2.dir/startup_stm32l476xx.s.obj
                0x080038e8                Reset_Handler
 .text.Default_Handler
                0x08003938        0x2 CMakeFiles/4100901-Final_Project_2024_2.dir/startup_stm32l476xx.s.obj
                0x08003938                RTC_Alarm_IRQHandler
                0x08003938                EXTI2_IRQHandler
                0x08003938                TIM8_TRG_COM_IRQHandler
                0x08003938                TIM8_CC_IRQHandler
                0x08003938                TIM1_CC_IRQHandler
                0x08003938                TSC_IRQHandler
                0x08003938                TAMP_STAMP_IRQHandler
                0x08003938                EXTI3_IRQHandler
                0x08003938                LPTIM2_IRQHandler
                0x08003938                DFSDM1_FLT1_IRQHandler
                0x08003938                I2C3_ER_IRQHandler
                0x08003938                DFSDM1_FLT2_IRQHandler
                0x08003938                EXTI0_IRQHandler
                0x08003938                I2C2_EV_IRQHandler
                0x08003938                CAN1_RX0_IRQHandler
                0x08003938                FPU_IRQHandler
                0x08003938                TIM1_UP_TIM16_IRQHandler
                0x08003938                ADC1_2_IRQHandler
                0x08003938                SPI1_IRQHandler
                0x08003938                TIM6_DAC_IRQHandler
                0x08003938                TIM8_UP_IRQHandler
                0x08003938                DMA2_Channel2_IRQHandler
                0x08003938                DMA1_Channel4_IRQHandler
                0x08003938                SAI2_IRQHandler
                0x08003938                DFSDM1_FLT3_IRQHandler
                0x08003938                USART3_IRQHandler
                0x08003938                DMA1_Channel7_IRQHandler
                0x08003938                CAN1_RX1_IRQHandler
                0x08003938                LCD_IRQHandler
                0x08003938                UART5_IRQHandler
                0x08003938                ADC3_IRQHandler
                0x08003938                TIM4_IRQHandler
                0x08003938                DMA2_Channel1_IRQHandler
                0x08003938                QUADSPI_IRQHandler
                0x08003938                I2C1_EV_IRQHandler
                0x08003938                DMA1_Channel6_IRQHandler
                0x08003938                UART4_IRQHandler
                0x08003938                DMA2_Channel4_IRQHandler
                0x08003938                TIM3_IRQHandler
                0x08003938                RCC_IRQHandler
                0x08003938                DMA1_Channel1_IRQHandler
                0x08003938                Default_Handler
                0x08003938                DMA2_Channel7_IRQHandler
                0x08003938                TIM7_IRQHandler
                0x08003938                SDMMC1_IRQHandler
                0x08003938                TIM5_IRQHandler
                0x08003938                I2C3_EV_IRQHandler
                0x08003938                RTC_WKUP_IRQHandler
                0x08003938                PVD_PVM_IRQHandler
                0x08003938                SPI2_IRQHandler
                0x08003938                CAN1_TX_IRQHandler
                0x08003938                DMA2_Channel5_IRQHandler
                0x08003938                DMA1_Channel5_IRQHandler
                0x08003938                EXTI4_IRQHandler
                0x08003938                RNG_IRQHandler
                0x08003938                TIM1_TRG_COM_TIM17_IRQHandler
                0x08003938                DMA1_Channel3_IRQHandler
                0x08003938                COMP_IRQHandler
                0x08003938                WWDG_IRQHandler
                0x08003938                LPUART1_IRQHandler
                0x08003938                DMA2_Channel6_IRQHandler
                0x08003938                TIM2_IRQHandler
                0x08003938                EXTI1_IRQHandler
                0x08003938                DFSDM1_FLT0_IRQHandler
                0x08003938                I2C2_ER_IRQHandler
                0x08003938                DMA1_Channel2_IRQHandler
                0x08003938                TIM8_BRK_IRQHandler
                0x08003938                CAN1_SCE_IRQHandler
                0x08003938                FLASH_IRQHandler
                0x08003938                USART1_IRQHandler
                0x08003938                OTG_FS_IRQHandler
                0x08003938                SPI3_IRQHandler
                0x08003938                I2C1_ER_IRQHandler
                0x08003938                FMC_IRQHandler
                0x08003938                SWPMI1_IRQHandler
                0x08003938                LPTIM1_IRQHandler
                0x08003938                SAI1_IRQHandler
                0x08003938                DMA2_Channel3_IRQHandler
                0x08003938                TIM1_BRK_TIM15_IRQHandler
 *(.glue_7)
 .glue_7        0x0800393a        0x0 linker stubs
 *(.glue_7t)
 .glue_7t       0x0800393a        0x0 linker stubs
 *(.eh_frame)
 *fill*         0x0800393a        0x2 
 .eh_frame      0x0800393c        0x0 C:/ST/STM32CubeCLT_1.16.0/GNU-tools-for-STM32/bin/../lib/gcc/arm-none-eabi/12.3.1/thumb/v7e-m+fp/hard/crtbegin.o
 *(.init)
 .init          0x0800393c        0x4 C:/ST/STM32CubeCLT_1.16.0/GNU-tools-for-STM32/bin/../lib/gcc/arm-none-eabi/12.3.1/thumb/v7e-m+fp/hard/crti.o
                0x0800393c                _init
 .init          0x08003940        0x8 C:/ST/STM32CubeCLT_1.16.0/GNU-tools-for-STM32/bin/../lib/gcc/arm-none-eabi/12.3.1/thumb/v7e-m+fp/hard/crtn.o
 *(.fini)
 .fini          0x08003948        0x4 C:/ST/STM32CubeCLT_1.16.0/GNU-tools-for-STM32/bin/../lib/gcc/arm-none-eabi/12.3.1/thumb/v7e-m+fp/hard/crti.o
                0x08003948                _fini
 .fini          0x0800394c        0x8 C:/ST/STM32CubeCLT_1.16.0/GNU-tools-for-STM32/bin/../lib/gcc/arm-none-eabi/12.3.1/thumb/v7e-m+fp/hard/crtn.o
                0x08003958                        . = ALIGN (0x8)
 *fill*         0x08003954        0x4 
                0x08003958                        _etext = .

.vfp11_veneer   0x08003958        0x0
 .vfp11_veneer  0x08003958        0x0 linker stubs

.v4_bx          0x08003958        0x0
 .v4_bx         0x08003958        0x0 linker stubs

.iplt           0x08003958        0x0
 .iplt          0x08003958        0x0 C:/ST/STM32CubeCLT_1.16.0/GNU-tools-for-STM32/bin/../lib/gcc/arm-none-eabi/12.3.1/thumb/v7e-m+fp/hard/crtbegin.o

.rodata         0x08003958       0x48
                0x08003958                        . = ALIGN (0x8)
 *(.rodata)
 *(.rodata*)
 .rodata.AHBPrescTable
                0x08003958       0x10 CMakeFiles/4100901-Final_Project_2024_2.dir/Core/Src/system_stm32l4xx.c.obj
                0x08003958                AHBPrescTable
 .rodata.APBPrescTable
                0x08003968        0x8 CMakeFiles/4100901-Final_Project_2024_2.dir/Core/Src/system_stm32l4xx.c.obj
                0x08003968                APBPrescTable
 .rodata.MSIRangeTable
                0x08003970       0x30 CMakeFiles/4100901-Final_Project_2024_2.dir/Core/Src/system_stm32l4xx.c.obj
                0x08003970                MSIRangeTable
                0x080039a0                        . = ALIGN (0x8)

.ARM.extab      0x080039a0        0x0
                0x080039a0                        . = ALIGN (0x8)
 *(.ARM.extab* .gnu.linkonce.armextab.*)
                0x080039a0                        . = ALIGN (0x8)

.ARM            0x080039a0        0x8
                0x080039a0                        . = ALIGN (0x8)
                0x080039a0                        __exidx_start = .
 *(.ARM.exidx*)
 .ARM.exidx     0x080039a0        0x8 C:/ST/STM32CubeCLT_1.16.0/GNU-tools-for-STM32/bin/../lib/gcc/arm-none-eabi/12.3.1/thumb/v7e-m+fp/hard\libgcc.a(_udivmoddi4.o)
                0x080039a8                        __exidx_end = .
                0x080039a8                        . = ALIGN (0x8)

.rel.dyn        0x080039a8        0x0
 .rel.iplt      0x080039a8        0x0 C:/ST/STM32CubeCLT_1.16.0/GNU-tools-for-STM32/bin/../lib/gcc/arm-none-eabi/12.3.1/thumb/v7e-m+fp/hard/crtbegin.o

.preinit_array  0x080039a8        0x0
                0x080039a8                        . = ALIGN (0x8)
                0x080039a8                        PROVIDE (__preinit_array_start = .)
 *(.preinit_array*)
                0x080039a8                        PROVIDE (__preinit_array_end = .)
                0x080039a8                        . = ALIGN (0x8)

.init_array     0x080039a8        0x8
                0x080039a8                        . = ALIGN (0x8)
                0x080039a8                        PROVIDE (__init_array_start = .)
 *(SORT_BY_NAME(.init_array.*))
 *(.init_array*)
 .init_array    0x080039a8        0x4 C:/ST/STM32CubeCLT_1.16.0/GNU-tools-for-STM32/bin/../lib/gcc/arm-none-eabi/12.3.1/thumb/v7e-m+fp/hard/crtbegin.o
                0x080039ac                        PROVIDE (__init_array_end = .)
                0x080039b0                        . = ALIGN (0x8)
 *fill*         0x080039ac        0x4 

.fini_array     0x080039b0        0x8
                0x080039b0                        . = ALIGN (0x8)
                [!provide]                        PROVIDE (__fini_array_start = .)
 *(SORT_BY_NAME(.fini_array.*))
 *(.fini_array*)
 .fini_array    0x080039b0        0x4 C:/ST/STM32CubeCLT_1.16.0/GNU-tools-for-STM32/bin/../lib/gcc/arm-none-eabi/12.3.1/thumb/v7e-m+fp/hard/crtbegin.o
                [!provide]                        PROVIDE (__fini_array_end = .)
                0x080039b8                        . = ALIGN (0x8)
 *fill*         0x080039b4        0x4 
                0x080039b8                        _sidata = LOADADDR (.data)

.data           0x20000000       0x10 load address 0x080039b8
                0x20000000                        . = ALIGN (0x8)
                0x20000000                        _sdata = .
 *(.data)
 *(.data*)
 .data.uwTickPrio
                0x20000000        0x4 CMakeFiles/4100901-Final_Project_2024_2.dir/Drivers/STM32L4xx_HAL_Driver/Src/stm32l4xx_hal.c.obj
                0x20000000                uwTickPrio
 .data.uwTickFreq
                0x20000004        0x1 CMakeFiles/4100901-Final_Project_2024_2.dir/Drivers/STM32L4xx_HAL_Driver/Src/stm32l4xx_hal.c.obj
                0x20000004                uwTickFreq
 *fill*         0x20000005        0x3 
 .data.SystemCoreClock
                0x20000008        0x4 CMakeFiles/4100901-Final_Project_2024_2.dir/Core/Src/system_stm32l4xx.c.obj
                0x20000008                SystemCoreClock
                0x20000010                        . = ALIGN (0x8)
 *fill*         0x2000000c        0x4 
                0x20000010                        _edata = .

.igot.plt       0x20000010        0x0 load address 0x080039c8
 .igot.plt      0x20000010        0x0 C:/ST/STM32CubeCLT_1.16.0/GNU-tools-for-STM32/bin/../lib/gcc/arm-none-eabi/12.3.1/thumb/v7e-m+fp/hard/crtbegin.o
                0x20000010                        . = ALIGN (0x4)

.bss            0x20000010       0xa8 load address 0x080039c8
                0x20000010                        _sbss = .
                0x20000010                        __bss_start__ = _sbss
 *(.bss)
 .bss           0x20000010       0x1c C:/ST/STM32CubeCLT_1.16.0/GNU-tools-for-STM32/bin/../lib/gcc/arm-none-eabi/12.3.1/thumb/v7e-m+fp/hard/crtbegin.o
 *(.bss*)
 .bss.huart2    0x2000002c       0x88 CMakeFiles/4100901-Final_Project_2024_2.dir/Core/Src/main.c.obj
                0x2000002c                huart2
 .bss.uwTick    0x200000b4        0x4 CMakeFiles/4100901-Final_Project_2024_2.dir/Drivers/STM32L4xx_HAL_Driver/Src/stm32l4xx_hal.c.obj
                0x200000b4                uwTick
 *(COMMON)
                0x200000b8                        . = ALIGN (0x4)
                0x200000b8                        _ebss = .
                0x200000b8                        __bss_end__ = _ebss

._user_heap_stack
                0x200000b8      0x600 load address 0x080039c8
                0x200000b8                        . = ALIGN (0x8)
                [!provide]                        PROVIDE (end = .)
                0x200000b8                        PROVIDE (_end = .)
                0x200002b8                        . = (. + _Min_Heap_Size)
 *fill*         0x200000b8      0x200 
                0x200006b8                        . = (. + _Min_Stack_Size)
 *fill*         0x200002b8      0x400 
                0x200006b8                        . = ALIGN (0x8)

/DISCARD/
 libc.a(*)
 libm.a(*)
 libgcc.a(*)
OUTPUT(4100901-Final_Project_2024_2.elf elf32-littlearm)
LOAD linker stubs
LOAD C:/ST/STM32CubeCLT_1.16.0/GNU-tools-for-STM32/bin/../lib/gcc/arm-none-eabi/12.3.1/../../../../arm-none-eabi/lib/thumb/v7e-m+fp/hard\libc.a
LOAD C:/ST/STM32CubeCLT_1.16.0/GNU-tools-for-STM32/bin/../lib/gcc/arm-none-eabi/12.3.1/../../../../arm-none-eabi/lib/thumb/v7e-m+fp/hard\libm.a
LOAD C:/ST/STM32CubeCLT_1.16.0/GNU-tools-for-STM32/bin/../lib/gcc/arm-none-eabi/12.3.1/thumb/v7e-m+fp/hard\libgcc.a

.ARM.attributes
                0x00000000       0x30
 .ARM.attributes
                0x00000000       0x22 C:/ST/STM32CubeCLT_1.16.0/GNU-tools-for-STM32/bin/../lib/gcc/arm-none-eabi/12.3.1/thumb/v7e-m+fp/hard/crti.o
 .ARM.attributes
                0x00000022       0x34 C:/ST/STM32CubeCLT_1.16.0/GNU-tools-for-STM32/bin/../lib/gcc/arm-none-eabi/12.3.1/thumb/v7e-m+fp/hard/crtbegin.o
 .ARM.attributes
                0x00000056       0x34 C:/ST/STM32CubeCLT_1.16.0/GNU-tools-for-STM32/bin/../lib/gcc/arm-none-eabi/12.3.1/../../../../arm-none-eabi/lib/thumb/v7e-m+fp/hard\libc_nano.a(libc_a-memset.o)
 .ARM.attributes
                0x0000008a       0x34 C:/ST/STM32CubeCLT_1.16.0/GNU-tools-for-STM32/bin/../lib/gcc/arm-none-eabi/12.3.1/../../../../arm-none-eabi/lib/thumb/v7e-m+fp/hard\libc_nano.a(libc_a-init.o)
 .ARM.attributes
                0x000000be       0x34 CMakeFiles/4100901-Final_Project_2024_2.dir/Core/Src/main.c.obj
 .ARM.attributes
                0x000000f2       0x34 CMakeFiles/4100901-Final_Project_2024_2.dir/Core/Src/stm32l4xx_it.c.obj
 .ARM.attributes
                0x00000126       0x34 CMakeFiles/4100901-Final_Project_2024_2.dir/Core/Src/stm32l4xx_hal_msp.c.obj
 .ARM.attributes
                0x0000015a       0x34 CMakeFiles/4100901-Final_Project_2024_2.dir/Drivers/STM32L4xx_HAL_Driver/Src/stm32l4xx_hal_uart.c.obj
 .ARM.attributes
                0x0000018e       0x34 CMakeFiles/4100901-Final_Project_2024_2.dir/Drivers/STM32L4xx_HAL_Driver/Src/stm32l4xx_hal_uart_ex.c.obj
 .ARM.attributes
                0x000001c2       0x34 CMakeFiles/4100901-Final_Project_2024_2.dir/Drivers/STM32L4xx_HAL_Driver/Src/stm32l4xx_hal.c.obj
 .ARM.attributes
                0x000001f6       0x34 CMakeFiles/4100901-Final_Project_2024_2.dir/Drivers/STM32L4xx_HAL_Driver/Src/stm32l4xx_hal_rcc.c.obj
 .ARM.attributes
                0x0000022a       0x34 CMakeFiles/4100901-Final_Project_2024_2.dir/Drivers/STM32L4xx_HAL_Driver/Src/stm32l4xx_hal_rcc_ex.c.obj
 .ARM.attributes
                0x0000025e       0x34 CMakeFiles/4100901-Final_Project_2024_2.dir/Drivers/STM32L4xx_HAL_Driver/Src/stm32l4xx_hal_gpio.c.obj
 .ARM.attributes
                0x00000292       0x34 CMakeFiles/4100901-Final_Project_2024_2.dir/Drivers/STM32L4xx_HAL_Driver/Src/stm32l4xx_hal_dma.c.obj
 .ARM.attributes
                0x000002c6       0x34 CMakeFiles/4100901-Final_Project_2024_2.dir/Drivers/STM32L4xx_HAL_Driver/Src/stm32l4xx_hal_pwr_ex.c.obj
 .ARM.attributes
                0x000002fa       0x34 CMakeFiles/4100901-Final_Project_2024_2.dir/Drivers/STM32L4xx_HAL_Driver/Src/stm32l4xx_hal_cortex.c.obj
 .ARM.attributes
                0x0000032e       0x34 CMakeFiles/4100901-Final_Project_2024_2.dir/Core/Src/system_stm32l4xx.c.obj
 .ARM.attributes
                0x00000362       0x21 CMakeFiles/4100901-Final_Project_2024_2.dir/startup_stm32l476xx.s.obj
 .ARM.attributes
                0x00000383       0x22 C:/ST/STM32CubeCLT_1.16.0/GNU-tools-for-STM32/bin/../lib/gcc/arm-none-eabi/12.3.1/thumb/v7e-m+fp/hard\libgcc.a(_aeabi_uldivmod.o)
 .ARM.attributes
                0x000003a5       0x34 C:/ST/STM32CubeCLT_1.16.0/GNU-tools-for-STM32/bin/../lib/gcc/arm-none-eabi/12.3.1/thumb/v7e-m+fp/hard\libgcc.a(_udivmoddi4.o)
 .ARM.attributes
                0x000003d9       0x22 C:/ST/STM32CubeCLT_1.16.0/GNU-tools-for-STM32/bin/../lib/gcc/arm-none-eabi/12.3.1/thumb/v7e-m+fp/hard\libgcc.a(_dvmd_tls.o)
 .ARM.attributes
                0x000003fb       0x22 C:/ST/STM32CubeCLT_1.16.0/GNU-tools-for-STM32/bin/../lib/gcc/arm-none-eabi/12.3.1/thumb/v7e-m+fp/hard/crtn.o

.comment        0x00000000       0x43
 .comment       0x00000000       0x43 CMakeFiles/4100901-Final_Project_2024_2.dir/Core/Src/main.c.obj
                                 0x44 (size before relaxing)
 .comment       0x00000043       0x44 CMakeFiles/4100901-Final_Project_2024_2.dir/Core/Src/stm32l4xx_it.c.obj
 .comment       0x00000043       0x44 CMakeFiles/4100901-Final_Project_2024_2.dir/Core/Src/stm32l4xx_hal_msp.c.obj
 .comment       0x00000043       0x44 CMakeFiles/4100901-Final_Project_2024_2.dir/Drivers/STM32L4xx_HAL_Driver/Src/stm32l4xx_hal_uart.c.obj
 .comment       0x00000043       0x44 CMakeFiles/4100901-Final_Project_2024_2.dir/Drivers/STM32L4xx_HAL_Driver/Src/stm32l4xx_hal_uart_ex.c.obj
 .comment       0x00000043       0x44 CMakeFiles/4100901-Final_Project_2024_2.dir/Drivers/STM32L4xx_HAL_Driver/Src/stm32l4xx_hal.c.obj
 .comment       0x00000043       0x44 CMakeFiles/4100901-Final_Project_2024_2.dir/Drivers/STM32L4xx_HAL_Driver/Src/stm32l4xx_hal_rcc.c.obj
 .comment       0x00000043       0x44 CMakeFiles/4100901-Final_Project_2024_2.dir/Drivers/STM32L4xx_HAL_Driver/Src/stm32l4xx_hal_rcc_ex.c.obj
 .comment       0x00000043       0x44 CMakeFiles/4100901-Final_Project_2024_2.dir/Drivers/STM32L4xx_HAL_Driver/Src/stm32l4xx_hal_gpio.c.obj
 .comment       0x00000043       0x44 CMakeFiles/4100901-Final_Project_2024_2.dir/Drivers/STM32L4xx_HAL_Driver/Src/stm32l4xx_hal_dma.c.obj
 .comment       0x00000043       0x44 CMakeFiles/4100901-Final_Project_2024_2.dir/Drivers/STM32L4xx_HAL_Driver/Src/stm32l4xx_hal_pwr_ex.c.obj
 .comment       0x00000043       0x44 CMakeFiles/4100901-Final_Project_2024_2.dir/Drivers/STM32L4xx_HAL_Driver/Src/stm32l4xx_hal_cortex.c.obj
 .comment       0x00000043       0x44 CMakeFiles/4100901-Final_Project_2024_2.dir/Core/Src/system_stm32l4xx.c.obj

.debug_frame    0x00000000     0x2708
 .debug_frame   0x00000000       0x20 C:/ST/STM32CubeCLT_1.16.0/GNU-tools-for-STM32/bin/../lib/gcc/arm-none-eabi/12.3.1/../../../../arm-none-eabi/lib/thumb/v7e-m+fp/hard\libc_nano.a(libc_a-memset.o)
 .debug_frame   0x00000020       0x2c C:/ST/STM32CubeCLT_1.16.0/GNU-tools-for-STM32/bin/../lib/gcc/arm-none-eabi/12.3.1/../../../../arm-none-eabi/lib/thumb/v7e-m+fp/hard\libc_nano.a(libc_a-init.o)
 .debug_frame   0x0000004c       0xc4 CMakeFiles/4100901-Final_Project_2024_2.dir/Core/Src/main.c.obj
 .debug_frame   0x00000110      0x158 CMakeFiles/4100901-Final_Project_2024_2.dir/Core/Src/stm32l4xx_it.c.obj
 .debug_frame   0x00000268       0x84 CMakeFiles/4100901-Final_Project_2024_2.dir/Core/Src/stm32l4xx_hal_msp.c.obj
 .debug_frame   0x000002ec      0x9f4 CMakeFiles/4100901-Final_Project_2024_2.dir/Drivers/STM32L4xx_HAL_Driver/Src/stm32l4xx_hal_uart.c.obj
 .debug_frame   0x00000ce0      0x204 CMakeFiles/4100901-Final_Project_2024_2.dir/Drivers/STM32L4xx_HAL_Driver/Src/stm32l4xx_hal_uart_ex.c.obj
 .debug_frame   0x00000ee4      0x498 CMakeFiles/4100901-Final_Project_2024_2.dir/Drivers/STM32L4xx_HAL_Driver/Src/stm32l4xx_hal.c.obj
 .debug_frame   0x0000137c      0x21c CMakeFiles/4100901-Final_Project_2024_2.dir/Drivers/STM32L4xx_HAL_Driver/Src/stm32l4xx_hal_rcc.c.obj
 .debug_frame   0x00001598      0x2fc CMakeFiles/4100901-Final_Project_2024_2.dir/Drivers/STM32L4xx_HAL_Driver/Src/stm32l4xx_hal_rcc_ex.c.obj
 .debug_frame   0x00001894      0x14c CMakeFiles/4100901-Final_Project_2024_2.dir/Drivers/STM32L4xx_HAL_Driver/Src/stm32l4xx_hal_gpio.c.obj
 .debug_frame   0x000019e0      0x204 CMakeFiles/4100901-Final_Project_2024_2.dir/Drivers/STM32L4xx_HAL_Driver/Src/stm32l4xx_hal_dma.c.obj
 .debug_frame   0x00001be4      0x584 CMakeFiles/4100901-Final_Project_2024_2.dir/Drivers/STM32L4xx_HAL_Driver/Src/stm32l4xx_hal_pwr_ex.c.obj
 .debug_frame   0x00002168      0x4e8 CMakeFiles/4100901-Final_Project_2024_2.dir/Drivers/STM32L4xx_HAL_Driver/Src/stm32l4xx_hal_cortex.c.obj
 .debug_frame   0x00002650       0x58 CMakeFiles/4100901-Final_Project_2024_2.dir/Core/Src/system_stm32l4xx.c.obj
 .debug_frame   0x000026a8       0x2c C:/ST/STM32CubeCLT_1.16.0/GNU-tools-for-STM32/bin/../lib/gcc/arm-none-eabi/12.3.1/thumb/v7e-m+fp/hard\libgcc.a(_aeabi_uldivmod.o)
 .debug_frame   0x000026d4       0x34 C:/ST/STM32CubeCLT_1.16.0/GNU-tools-for-STM32/bin/../lib/gcc/arm-none-eabi/12.3.1/thumb/v7e-m+fp/hard\libgcc.a(_udivmoddi4.o)

.debug_info     0x00000000     0xc19a
 .debug_info    0x00000000      0xfb9 CMakeFiles/4100901-Final_Project_2024_2.dir/Core/Src/main.c.obj
 .debug_info    0x00000fb9      0x760 CMakeFiles/4100901-Final_Project_2024_2.dir/Core/Src/stm32l4xx_it.c.obj
 .debug_info    0x00001719      0xfa0 CMakeFiles/4100901-Final_Project_2024_2.dir/Core/Src/stm32l4xx_hal_msp.c.obj
 .debug_info    0x000026b9     0x3b69 CMakeFiles/4100901-Final_Project_2024_2.dir/Drivers/STM32L4xx_HAL_Driver/Src/stm32l4xx_hal_uart.c.obj
 .debug_info    0x00006222      0xdff CMakeFiles/4100901-Final_Project_2024_2.dir/Drivers/STM32L4xx_HAL_Driver/Src/stm32l4xx_hal_uart_ex.c.obj
 .debug_info    0x00007021      0xc09 CMakeFiles/4100901-Final_Project_2024_2.dir/Drivers/STM32L4xx_HAL_Driver/Src/stm32l4xx_hal.c.obj
 .debug_info    0x00007c2a      0xc14 CMakeFiles/4100901-Final_Project_2024_2.dir/Drivers/STM32L4xx_HAL_Driver/Src/stm32l4xx_hal_rcc.c.obj
 .debug_info    0x0000883e      0xe11 CMakeFiles/4100901-Final_Project_2024_2.dir/Drivers/STM32L4xx_HAL_Driver/Src/stm32l4xx_hal_rcc_ex.c.obj
 .debug_info    0x0000964f      0x757 CMakeFiles/4100901-Final_Project_2024_2.dir/Drivers/STM32L4xx_HAL_Driver/Src/stm32l4xx_hal_gpio.c.obj
 .debug_info    0x00009da6      0x6f4 CMakeFiles/4100901-Final_Project_2024_2.dir/Drivers/STM32L4xx_HAL_Driver/Src/stm32l4xx_hal_dma.c.obj
 .debug_info    0x0000a49a      0x99e CMakeFiles/4100901-Final_Project_2024_2.dir/Drivers/STM32L4xx_HAL_Driver/Src/stm32l4xx_hal_pwr_ex.c.obj
 .debug_info    0x0000ae38      0xd81 CMakeFiles/4100901-Final_Project_2024_2.dir/Drivers/STM32L4xx_HAL_Driver/Src/stm32l4xx_hal_cortex.c.obj
 .debug_info    0x0000bbb9      0x5b1 CMakeFiles/4100901-Final_Project_2024_2.dir/Core/Src/system_stm32l4xx.c.obj
 .debug_info    0x0000c16a       0x30 CMakeFiles/4100901-Final_Project_2024_2.dir/startup_stm32l476xx.s.obj

.debug_abbrev   0x00000000     0x1cf1
 .debug_abbrev  0x00000000      0x263 CMakeFiles/4100901-Final_Project_2024_2.dir/Core/Src/main.c.obj
 .debug_abbrev  0x00000263      0x172 CMakeFiles/4100901-Final_Project_2024_2.dir/Core/Src/stm32l4xx_it.c.obj
 .debug_abbrev  0x000003d5      0x1d8 CMakeFiles/4100901-Final_Project_2024_2.dir/Core/Src/stm32l4xx_hal_msp.c.obj
 .debug_abbrev  0x000005ad      0x2d0 CMakeFiles/4100901-Final_Project_2024_2.dir/Drivers/STM32L4xx_HAL_Driver/Src/stm32l4xx_hal_uart.c.obj
 .debug_abbrev  0x0000087d      0x2be CMakeFiles/4100901-Final_Project_2024_2.dir/Drivers/STM32L4xx_HAL_Driver/Src/stm32l4xx_hal_uart_ex.c.obj
 .debug_abbrev  0x00000b3b      0x243 CMakeFiles/4100901-Final_Project_2024_2.dir/Drivers/STM32L4xx_HAL_Driver/Src/stm32l4xx_hal.c.obj
 .debug_abbrev  0x00000d7e      0x2cb CMakeFiles/4100901-Final_Project_2024_2.dir/Drivers/STM32L4xx_HAL_Driver/Src/stm32l4xx_hal_rcc.c.obj
 .debug_abbrev  0x00001049      0x2a6 CMakeFiles/4100901-Final_Project_2024_2.dir/Drivers/STM32L4xx_HAL_Driver/Src/stm32l4xx_hal_rcc_ex.c.obj
 .debug_abbrev  0x000012ef      0x1cb CMakeFiles/4100901-Final_Project_2024_2.dir/Drivers/STM32L4xx_HAL_Driver/Src/stm32l4xx_hal_gpio.c.obj
 .debug_abbrev  0x000014ba      0x1e4 CMakeFiles/4100901-Final_Project_2024_2.dir/Drivers/STM32L4xx_HAL_Driver/Src/stm32l4xx_hal_dma.c.obj
 .debug_abbrev  0x0000169e      0x1f9 CMakeFiles/4100901-Final_Project_2024_2.dir/Drivers/STM32L4xx_HAL_Driver/Src/stm32l4xx_hal_pwr_ex.c.obj
 .debug_abbrev  0x00001897      0x31c CMakeFiles/4100901-Final_Project_2024_2.dir/Drivers/STM32L4xx_HAL_Driver/Src/stm32l4xx_hal_cortex.c.obj
 .debug_abbrev  0x00001bb3      0x11a CMakeFiles/4100901-Final_Project_2024_2.dir/Core/Src/system_stm32l4xx.c.obj
 .debug_abbrev  0x00001ccd       0x24 CMakeFiles/4100901-Final_Project_2024_2.dir/startup_stm32l476xx.s.obj

.debug_aranges  0x00000000      0x9c8
 .debug_aranges
                0x00000000       0x48 CMakeFiles/4100901-Final_Project_2024_2.dir/Core/Src/main.c.obj
 .debug_aranges
                0x00000048       0x78 CMakeFiles/4100901-Final_Project_2024_2.dir/Core/Src/stm32l4xx_it.c.obj
 .debug_aranges
                0x000000c0       0x30 CMakeFiles/4100901-Final_Project_2024_2.dir/Core/Src/stm32l4xx_hal_msp.c.obj
 .debug_aranges
                0x000000f0      0x228 CMakeFiles/4100901-Final_Project_2024_2.dir/Drivers/STM32L4xx_HAL_Driver/Src/stm32l4xx_hal_uart.c.obj
 .debug_aranges
                0x00000318       0x80 CMakeFiles/4100901-Final_Project_2024_2.dir/Drivers/STM32L4xx_HAL_Driver/Src/stm32l4xx_hal_uart_ex.c.obj
 .debug_aranges
                0x00000398      0x130 CMakeFiles/4100901-Final_Project_2024_2.dir/Drivers/STM32L4xx_HAL_Driver/Src/stm32l4xx_hal.c.obj
 .debug_aranges
                0x000004c8       0x90 CMakeFiles/4100901-Final_Project_2024_2.dir/Drivers/STM32L4xx_HAL_Driver/Src/stm32l4xx_hal_rcc.c.obj
 .debug_aranges
                0x00000558       0xc0 CMakeFiles/4100901-Final_Project_2024_2.dir/Drivers/STM32L4xx_HAL_Driver/Src/stm32l4xx_hal_rcc_ex.c.obj
 .debug_aranges
                0x00000618       0x58 CMakeFiles/4100901-Final_Project_2024_2.dir/Drivers/STM32L4xx_HAL_Driver/Src/stm32l4xx_hal_gpio.c.obj
 .debug_aranges
                0x00000670       0x80 CMakeFiles/4100901-Final_Project_2024_2.dir/Drivers/STM32L4xx_HAL_Driver/Src/stm32l4xx_hal_dma.c.obj
 .debug_aranges
                0x000006f0      0x160 CMakeFiles/4100901-Final_Project_2024_2.dir/Drivers/STM32L4xx_HAL_Driver/Src/stm32l4xx_hal_pwr_ex.c.obj
 .debug_aranges
                0x00000850      0x128 CMakeFiles/4100901-Final_Project_2024_2.dir/Drivers/STM32L4xx_HAL_Driver/Src/stm32l4xx_hal_cortex.c.obj
 .debug_aranges
                0x00000978       0x28 CMakeFiles/4100901-Final_Project_2024_2.dir/Core/Src/system_stm32l4xx.c.obj
 .debug_aranges
                0x000009a0       0x28 CMakeFiles/4100901-Final_Project_2024_2.dir/startup_stm32l476xx.s.obj

.debug_rnglists
                0x00000000      0x77d
 .debug_rnglists
                0x00000000       0x33 CMakeFiles/4100901-Final_Project_2024_2.dir/Core/Src/main.c.obj
 .debug_rnglists
                0x00000033       0x55 CMakeFiles/4100901-Final_Project_2024_2.dir/Core/Src/stm32l4xx_it.c.obj
 .debug_rnglists
                0x00000088       0x20 CMakeFiles/4100901-Final_Project_2024_2.dir/Core/Src/stm32l4xx_hal_msp.c.obj
 .debug_rnglists
                0x000000a8      0x1db CMakeFiles/4100901-Final_Project_2024_2.dir/Drivers/STM32L4xx_HAL_Driver/Src/stm32l4xx_hal_uart.c.obj
 .debug_rnglists
                0x00000283       0x60 CMakeFiles/4100901-Final_Project_2024_2.dir/Drivers/STM32L4xx_HAL_Driver/Src/stm32l4xx_hal_uart_ex.c.obj
 .debug_rnglists
                0x000002e3       0xdf CMakeFiles/4100901-Final_Project_2024_2.dir/Drivers/STM32L4xx_HAL_Driver/Src/stm32l4xx_hal.c.obj
 .debug_rnglists
                0x000003c2       0x6d CMakeFiles/4100901-Final_Project_2024_2.dir/Drivers/STM32L4xx_HAL_Driver/Src/stm32l4xx_hal_rcc.c.obj
 .debug_rnglists
                0x0000042f       0x95 CMakeFiles/4100901-Final_Project_2024_2.dir/Drivers/STM32L4xx_HAL_Driver/Src/stm32l4xx_hal_rcc_ex.c.obj
 .debug_rnglists
                0x000004c4       0x3f CMakeFiles/4100901-Final_Project_2024_2.dir/Drivers/STM32L4xx_HAL_Driver/Src/stm32l4xx_hal_gpio.c.obj
 .debug_rnglists
                0x00000503       0x64 CMakeFiles/4100901-Final_Project_2024_2.dir/Drivers/STM32L4xx_HAL_Driver/Src/stm32l4xx_hal_dma.c.obj
 .debug_rnglists
                0x00000567      0x109 CMakeFiles/4100901-Final_Project_2024_2.dir/Drivers/STM32L4xx_HAL_Driver/Src/stm32l4xx_hal_pwr_ex.c.obj
 .debug_rnglists
                0x00000670       0xda CMakeFiles/4100901-Final_Project_2024_2.dir/Drivers/STM32L4xx_HAL_Driver/Src/stm32l4xx_hal_cortex.c.obj
 .debug_rnglists
                0x0000074a       0x1a CMakeFiles/4100901-Final_Project_2024_2.dir/Core/Src/system_stm32l4xx.c.obj
 .debug_rnglists
                0x00000764       0x19 CMakeFiles/4100901-Final_Project_2024_2.dir/startup_stm32l476xx.s.obj

.debug_macro    0x00000000    0x25017
 .debug_macro   0x00000000      0x1bb CMakeFiles/4100901-Final_Project_2024_2.dir/Core/Src/main.c.obj
 .debug_macro   0x000001bb      0xab4 CMakeFiles/4100901-Final_Project_2024_2.dir/Core/Src/main.c.obj
 .debug_macro   0x00000c6f      0x1a1 CMakeFiles/4100901-Final_Project_2024_2.dir/Core/Src/main.c.obj
 .debug_macro   0x00000e10       0x2e CMakeFiles/4100901-Final_Project_2024_2.dir/Core/Src/main.c.obj
 .debug_macro   0x00000e3e       0x28 CMakeFiles/4100901-Final_Project_2024_2.dir/Core/Src/main.c.obj
 .debug_macro   0x00000e66       0x22 CMakeFiles/4100901-Final_Project_2024_2.dir/Core/Src/main.c.obj
 .debug_macro   0x00000e88       0x8e CMakeFiles/4100901-Final_Project_2024_2.dir/Core/Src/main.c.obj
 .debug_macro   0x00000f16       0x51 CMakeFiles/4100901-Final_Project_2024_2.dir/Core/Src/main.c.obj
 .debug_macro   0x00000f67      0x103 CMakeFiles/4100901-Final_Project_2024_2.dir/Core/Src/main.c.obj
 .debug_macro   0x0000106a       0x6a CMakeFiles/4100901-Final_Project_2024_2.dir/Core/Src/main.c.obj
 .debug_macro   0x000010d4      0x1df CMakeFiles/4100901-Final_Project_2024_2.dir/Core/Src/main.c.obj
 .debug_macro   0x000012b3       0x1c CMakeFiles/4100901-Final_Project_2024_2.dir/Core/Src/main.c.obj
 .debug_macro   0x000012cf       0x22 CMakeFiles/4100901-Final_Project_2024_2.dir/Core/Src/main.c.obj
 .debug_macro   0x000012f1       0xfb CMakeFiles/4100901-Final_Project_2024_2.dir/Core/Src/main.c.obj
 .debug_macro   0x000013ec     0x1011 CMakeFiles/4100901-Final_Project_2024_2.dir/Core/Src/main.c.obj
 .debug_macro   0x000023fd      0x11f CMakeFiles/4100901-Final_Project_2024_2.dir/Core/Src/main.c.obj
 .debug_macro   0x0000251c    0x1a17a CMakeFiles/4100901-Final_Project_2024_2.dir/Core/Src/main.c.obj
 .debug_macro   0x0001c696       0x6d CMakeFiles/4100901-Final_Project_2024_2.dir/Core/Src/main.c.obj
 .debug_macro   0x0001c703     0x38fb CMakeFiles/4100901-Final_Project_2024_2.dir/Core/Src/main.c.obj
 .debug_macro   0x0001fffe      0x189 CMakeFiles/4100901-Final_Project_2024_2.dir/Core/Src/main.c.obj
 .debug_macro   0x00020187       0x5c CMakeFiles/4100901-Final_Project_2024_2.dir/Core/Src/main.c.obj
 .debug_macro   0x000201e3     0x159e CMakeFiles/4100901-Final_Project_2024_2.dir/Core/Src/main.c.obj
 .debug_macro   0x00021781      0x5a5 CMakeFiles/4100901-Final_Project_2024_2.dir/Core/Src/main.c.obj
 .debug_macro   0x00021d26      0x1b9 CMakeFiles/4100901-Final_Project_2024_2.dir/Core/Src/main.c.obj
 .debug_macro   0x00021edf      0x18b CMakeFiles/4100901-Final_Project_2024_2.dir/Core/Src/main.c.obj
 .debug_macro   0x0002206a      0x26b CMakeFiles/4100901-Final_Project_2024_2.dir/Core/Src/main.c.obj
 .debug_macro   0x000222d5      0x23d CMakeFiles/4100901-Final_Project_2024_2.dir/Core/Src/main.c.obj
 .debug_macro   0x00022512      0x241 CMakeFiles/4100901-Final_Project_2024_2.dir/Core/Src/main.c.obj
 .debug_macro   0x00022753      0x37c CMakeFiles/4100901-Final_Project_2024_2.dir/Core/Src/main.c.obj
 .debug_macro   0x00022acf       0xd6 CMakeFiles/4100901-Final_Project_2024_2.dir/Core/Src/main.c.obj
 .debug_macro   0x00022ba5      0x122 CMakeFiles/4100901-Final_Project_2024_2.dir/Core/Src/main.c.obj
 .debug_macro   0x00022cc7      0x3ef CMakeFiles/4100901-Final_Project_2024_2.dir/Core/Src/main.c.obj
 .debug_macro   0x000230b6      0x5cf CMakeFiles/4100901-Final_Project_2024_2.dir/Core/Src/main.c.obj
 .debug_macro   0x00023685       0x44 CMakeFiles/4100901-Final_Project_2024_2.dir/Core/Src/main.c.obj
 .debug_macro   0x000236c9      0x330 CMakeFiles/4100901-Final_Project_2024_2.dir/Core/Src/main.c.obj
 .debug_macro   0x000239f9       0xca CMakeFiles/4100901-Final_Project_2024_2.dir/Core/Src/main.c.obj
 .debug_macro   0x00023ac3      0x1c5 CMakeFiles/4100901-Final_Project_2024_2.dir/Core/Src/stm32l4xx_it.c.obj
 .debug_macro   0x00023c88      0x1bb CMakeFiles/4100901-Final_Project_2024_2.dir/Core/Src/stm32l4xx_hal_msp.c.obj
 .debug_macro   0x00023e43      0x1d7 CMakeFiles/4100901-Final_Project_2024_2.dir/Drivers/STM32L4xx_HAL_Driver/Src/stm32l4xx_hal_uart.c.obj
 .debug_macro   0x0002401a      0x1ac CMakeFiles/4100901-Final_Project_2024_2.dir/Drivers/STM32L4xx_HAL_Driver/Src/stm32l4xx_hal_uart_ex.c.obj
 .debug_macro   0x000241c6      0x1fa CMakeFiles/4100901-Final_Project_2024_2.dir/Drivers/STM32L4xx_HAL_Driver/Src/stm32l4xx_hal.c.obj
 .debug_macro   0x000243c0      0x1ee CMakeFiles/4100901-Final_Project_2024_2.dir/Drivers/STM32L4xx_HAL_Driver/Src/stm32l4xx_hal_rcc.c.obj
 .debug_macro   0x000245ae      0x1e2 CMakeFiles/4100901-Final_Project_2024_2.dir/Drivers/STM32L4xx_HAL_Driver/Src/stm32l4xx_hal_rcc_ex.c.obj
 .debug_macro   0x00024790      0x1b3 CMakeFiles/4100901-Final_Project_2024_2.dir/Drivers/STM32L4xx_HAL_Driver/Src/stm32l4xx_hal_gpio.c.obj
 .debug_macro   0x00024943      0x1ac CMakeFiles/4100901-Final_Project_2024_2.dir/Drivers/STM32L4xx_HAL_Driver/Src/stm32l4xx_hal_dma.c.obj
 .debug_macro   0x00024aef      0x1d0 CMakeFiles/4100901-Final_Project_2024_2.dir/Drivers/STM32L4xx_HAL_Driver/Src/stm32l4xx_hal_pwr_ex.c.obj
 .debug_macro   0x00024cbf      0x1ac CMakeFiles/4100901-Final_Project_2024_2.dir/Drivers/STM32L4xx_HAL_Driver/Src/stm32l4xx_hal_cortex.c.obj
 .debug_macro   0x00024e6b      0x1ac CMakeFiles/4100901-Final_Project_2024_2.dir/Core/Src/system_stm32l4xx.c.obj

.debug_line     0x00000000     0xce43
 .debug_line    0x00000000      0x96f CMakeFiles/4100901-Final_Project_2024_2.dir/Core/Src/main.c.obj
 .debug_line    0x0000096f      0x936 CMakeFiles/4100901-Final_Project_2024_2.dir/Core/Src/stm32l4xx_it.c.obj
 .debug_line    0x000012a5      0x88a CMakeFiles/4100901-Final_Project_2024_2.dir/Core/Src/stm32l4xx_hal_msp.c.obj
 .debug_line    0x00001b2f     0x3330 CMakeFiles/4100901-Final_Project_2024_2.dir/Drivers/STM32L4xx_HAL_Driver/Src/stm32l4xx_hal_uart.c.obj
 .debug_line    0x00004e5f      0xd24 CMakeFiles/4100901-Final_Project_2024_2.dir/Drivers/STM32L4xx_HAL_Driver/Src/stm32l4xx_hal_uart_ex.c.obj
 .debug_line    0x00005b83      0xc1f CMakeFiles/4100901-Final_Project_2024_2.dir/Drivers/STM32L4xx_HAL_Driver/Src/stm32l4xx_hal.c.obj
 .debug_line    0x000067a2     0x1097 CMakeFiles/4100901-Final_Project_2024_2.dir/Drivers/STM32L4xx_HAL_Driver/Src/stm32l4xx_hal_rcc.c.obj
 .debug_line    0x00007839     0x1609 CMakeFiles/4100901-Final_Project_2024_2.dir/Drivers/STM32L4xx_HAL_Driver/Src/stm32l4xx_hal_rcc_ex.c.obj
 .debug_line    0x00008e42      0xcaa CMakeFiles/4100901-Final_Project_2024_2.dir/Drivers/STM32L4xx_HAL_Driver/Src/stm32l4xx_hal_gpio.c.obj
 .debug_line    0x00009aec      0xe23 CMakeFiles/4100901-Final_Project_2024_2.dir/Drivers/STM32L4xx_HAL_Driver/Src/stm32l4xx_hal_dma.c.obj
 .debug_line    0x0000a90f      0xe10 CMakeFiles/4100901-Final_Project_2024_2.dir/Drivers/STM32L4xx_HAL_Driver/Src/stm32l4xx_hal_pwr_ex.c.obj
 .debug_line    0x0000b71f      0xde7 CMakeFiles/4100901-Final_Project_2024_2.dir/Drivers/STM32L4xx_HAL_Driver/Src/stm32l4xx_hal_cortex.c.obj
 .debug_line    0x0000c506      0x8c3 CMakeFiles/4100901-Final_Project_2024_2.dir/Core/Src/system_stm32l4xx.c.obj
 .debug_line    0x0000cdc9       0x7a CMakeFiles/4100901-Final_Project_2024_2.dir/startup_stm32l476xx.s.obj

.debug_str      0x00000000    0xe4743
 .debug_str     0x00000000    0xe1947 CMakeFiles/4100901-Final_Project_2024_2.dir/Core/Src/main.c.obj
                              0xe1cfe (size before relaxing)
 .debug_str     0x000e1947      0x18d CMakeFiles/4100901-Final_Project_2024_2.dir/Core/Src/stm32l4xx_it.c.obj
                              0xe14ea (size before relaxing)
 .debug_str     0x000e1ad4      0x34b CMakeFiles/4100901-Final_Project_2024_2.dir/Core/Src/stm32l4xx_hal_msp.c.obj
                              0xe1dd7 (size before relaxing)
 .debug_str     0x000e1e1f      0x9b5 CMakeFiles/4100901-Final_Project_2024_2.dir/Drivers/STM32L4xx_HAL_Driver/Src/stm32l4xx_hal_uart.c.obj
                              0xe1be6 (size before relaxing)
 .debug_str     0x000e27d4      0x25d CMakeFiles/4100901-Final_Project_2024_2.dir/Drivers/STM32L4xx_HAL_Driver/Src/stm32l4xx_hal_uart_ex.c.obj
                              0xe1412 (size before relaxing)
 .debug_str     0x000e2a31      0x708 CMakeFiles/4100901-Final_Project_2024_2.dir/Drivers/STM32L4xx_HAL_Driver/Src/stm32l4xx_hal.c.obj
                              0xe1a8d (size before relaxing)
 .debug_str     0x000e3139      0x429 CMakeFiles/4100901-Final_Project_2024_2.dir/Drivers/STM32L4xx_HAL_Driver/Src/stm32l4xx_hal_rcc.c.obj
                              0xe14d4 (size before relaxing)
 .debug_str     0x000e3562      0x463 CMakeFiles/4100901-Final_Project_2024_2.dir/Drivers/STM32L4xx_HAL_Driver/Src/stm32l4xx_hal_rcc_ex.c.obj
                              0xe164d (size before relaxing)
 .debug_str     0x000e39c5      0x120 CMakeFiles/4100901-Final_Project_2024_2.dir/Drivers/STM32L4xx_HAL_Driver/Src/stm32l4xx_hal_gpio.c.obj
                              0xe1007 (size before relaxing)
 .debug_str     0x000e3ae5      0x26f CMakeFiles/4100901-Final_Project_2024_2.dir/Drivers/STM32L4xx_HAL_Driver/Src/stm32l4xx_hal_dma.c.obj
                              0xe10f8 (size before relaxing)
 .debug_str     0x000e3d54      0x50e CMakeFiles/4100901-Final_Project_2024_2.dir/Drivers/STM32L4xx_HAL_Driver/Src/stm32l4xx_hal_pwr_ex.c.obj
                              0xe13e9 (size before relaxing)
 .debug_str     0x000e4262      0x3b2 CMakeFiles/4100901-Final_Project_2024_2.dir/Drivers/STM32L4xx_HAL_Driver/Src/stm32l4xx_hal_cortex.c.obj
                              0xe1707 (size before relaxing)
 .debug_str     0x000e4614       0x9d CMakeFiles/4100901-Final_Project_2024_2.dir/Core/Src/system_stm32l4xx.c.obj
                              0xe0e8e (size before relaxing)
 .debug_str     0x000e46b1       0x92 CMakeFiles/4100901-Final_Project_2024_2.dir/startup_stm32l476xx.s.obj
                                 0xfe (size before relaxing)

.debug_line_str
                0x00000000       0xe2
 .debug_line_str
                0x00000000       0xe2 CMakeFiles/4100901-Final_Project_2024_2.dir/startup_stm32l476xx.s.obj
